R2>ENABLE
R2#CONFIGURE TERMINAL
Enter configuration commands, one per line.  End with CNTL/Z.
R2(config)#!!!!EN R2 CONFIGURE UNA ACL 1 QUE PERMITA CUALQUIERA DE LAS 172.16.0.0/16
R2(config)#ACCESS-LIST 1 PERMIT 172.16.0.0 0.0.255.255
R2(config)#!!!!CONFIGURE R2 CON UN GRUPO NAT DE DOS IPS EN EL ESPACIO DE 209.165.200.228/30
R2(config)#IP NAT POOL NAT-POOL1 209.165.200.229 209.165.200.230 NETMASK 255.255.255.252
R2(config)#!!!!ASOCIAR ACL 1 CON EL GRUPO DE NAT
R2(config)#IP NAT INSIDE SOURCE LIST 1 POOL NAT-POOL1
R2(config)#!!!!CONFIGURAR LAS INTERFACES NAT
R2(config)#!!!!DECIR CUAL ES INTERNO Y CUAL ES EXTERNO
R2(config)#INTERFACE SE0/0/1
R2(config-if)#IP NAT INSIDE
R2(config-if)#INTERFACE SE0/0/0
R2(config-if)#IP NAT OUTSIDE
R2(config-if)#!!!!VERIFICAR LA IMPLEMENTACION DE NAT
R2(config-if)#!!!!DEBES VER LA PAGINA WEB DEL SERVIDOR CON LA LAPTOP
R2(config-if)#!!!!VER LAS TRADUCCIONES NAT
R2(config-if)#SHOW IP NAT TRANSLATIONS
                ^
% Invalid input detected at '^' marker.
	
R2(config-if)#END
R2#
%SYS-5-CONFIG_I: Configured from console by console

R2#SHOW IP NAT TRANSLATIONS
Pro  Inside global     Inside local       Outside local      Outside global
tcp 209.165.200.229:1025172.16.11.1:1025   209.165.201.5:80   209.165.201.5:80

R2#